------------------------------------------------------------
TimeQuest Timing Analyzer Summary
------------------------------------------------------------

Type  : Slow Model Setup 'Controller:fsm|state[0]'
Slack : -1.997
TNS   : -42.239

Type  : Slow Model Setup 'CLOCK_50'
Slack : -1.461
TNS   : -3.600

Type  : Slow Model Hold 'CLOCK_50'
Slack : -3.109
TNS   : -6.758

Type  : Slow Model Hold 'Controller:fsm|state[0]'
Slack : -2.746
TNS   : -2.746

Type  : Slow Model Minimum Pulse Width 'CLOCK_50'
Slack : -1.631
TNS   : -5.297

Type  : Slow Model Minimum Pulse Width 'Controller:fsm|state[0]'
Slack : 0.500
TNS   : 0.000

Type  : Fast Model Setup 'Controller:fsm|state[0]'
Slack : -0.215
TNS   : -1.534

Type  : Fast Model Setup 'CLOCK_50'
Slack : 0.069
TNS   : 0.000

Type  : Fast Model Hold 'CLOCK_50'
Slack : -1.496
TNS   : -3.630

Type  : Fast Model Hold 'Controller:fsm|state[0]'
Slack : -0.970
TNS   : -0.970

Type  : Fast Model Minimum Pulse Width 'CLOCK_50'
Slack : -1.380
TNS   : -4.380

Type  : Fast Model Minimum Pulse Width 'Controller:fsm|state[0]'
Slack : 0.500
TNS   : 0.000

------------------------------------------------------------
